rendering 24 banners
OK   1lookup-flat-under-03-sec-landscape-raw.png 709KB
OK   1lookup-flat-41-one-key-landscape-raw.png 678KB
OK   1lookup-docs-white-curl-landscape-raw.png 642KB
OK   1lookup-forty-one-itemised-landscape-raw.png 1244KB
OK   1lookup-traffic-light-rows-landscape-raw.png 615KB
OK   1lookup-kraft-fcc-carrier-landscape-raw.png 1515KB
OK   1lookup-fight-card-landscape-raw.png 1383KB
OK   1lookup-public-notice-landscape-raw.png 1344KB
OK   1lookup-desk-dev-onecall-landscape-raw.png 972KB
OK   1lookup-legalpad-five-minutes-landscape-raw.png 1125KB
OK   1lookup-whiteboard-every-contact-landscape-raw.png 1028KB
OK   1lookup-desk-ops-dial-landscape-raw.png 913KB
OK   1lookup-flat-41-one-key-square-raw.png 863KB
OK   1lookup-docs-white-curl-square-raw.png 846KB
OK   1lookup-traffic-light-rows-square-raw.png 812KB
OK   1lookup-flat-under-03-sec-square-raw.png 915KB
OK   1lookup-forty-one-itemised-square-raw.png 1575KB
OK   1lookup-desk-ops-dial-square-raw.png 1262KB
OK   1lookup-legalpad-five-minutes-square-raw.png 1833KB
OK   1lookup-fight-card-square-raw.png 2013KB
OK   1lookup-desk-dev-onecall-square-raw.png 1296KB
OK   1lookup-kraft-fcc-carrier-square-raw.png 2338KB
OK   1lookup-public-notice-square-raw.png 2022KB
OK   1lookup-whiteboard-every-contact-square-raw.png 1432KB
renders done
