rendering 20 banners
OK   1lookup-flat-7-days-landscape-raw.png 648KB
OK   1lookup-flat-1000-rpm-landscape-raw.png 664KB
OK   1lookup-flat-200-countries-landscape-raw.png 650KB
OK   1lookup-paint-chips-landscape-raw.png 1438KB
OK   1lookup-phonebook-daily-landscape-raw.png 1248KB
OK   1lookup-diner-menu-landscape-raw.png 1247KB
OK   1lookup-ransom-note-landscape-raw.png 1305KB
OK   1lookup-splitflap-board-landscape-raw.png 1059KB
OK   1lookup-desk-lifecycle-send-landscape-raw.png 930KB
OK   1lookup-punch-card-landscape-raw.png 1553KB
OK   1lookup-flat-200-countries-square-raw.png 840KB
OK   1lookup-flat-1000-rpm-square-raw.png 854KB
OK   1lookup-flat-7-days-square-raw.png 840KB
OK   1lookup-ransom-note-square-raw.png 1694KB
OK   1lookup-paint-chips-square-raw.png 1797KB
OK   1lookup-phonebook-daily-square-raw.png 1840KB
OK   1lookup-splitflap-board-square-raw.png 1411KB
OK   1lookup-desk-lifecycle-send-square-raw.png 1196KB
OK   1lookup-diner-menu-square-raw.png 1625KB
OK   1lookup-punch-card-square-raw.png 2006KB
renders done
